fittp.check: start
fittp.check [NGC 7129]: shape mass outside grid (bar < 0.1%): {'STAR': 2.220446049250313e-16, 'AGB': -9.492426924638027e-18, 'YSO': 0.00015027930203359574, 'GAL': 2.5706015382764846e-05}
fittp.check [NGC 7129]: blurred-shape normalisation, max|sum-1| (bar 1e-3): {'STAR': 4.562535238505916e-09, 'AGB': 4.8826747089947276e-09, 'PAHC': 4.562535238505916e-09, 'GAL': 6.880011227394789e-09, 'YSO': 5.506336719918181e-09, 'H2S': 1.3340653026716609e-08}
fittp.check [NGC 7129]: template-weight normalisation, max|colsum-1| (bar 1e-6): {'sps': 3.9659141748416005e-08, 'agb': 1.3192522629879022e-09, 'pahc': 1.4435499906539917e-08, 'galz': 2.1771668912151654e-09, 'yso': 1.3866419124042295e-10, 'h2shock': 1.6494595911353827e-08}
fittp.check [NGC 7129]: Occam gap (median, p90, n_finite/n) per class: {'STAR': (2.180140495300293, 2.7683642864227296, 2643, 2643), 'AGB': (2.579263210296631, 3.6673344135284425, 2643, 2643), 'PAHC': (5.457438945770264, 7.464208984375, 2643, 2643), 'GAL': (3.8026251792907715, 5.399672222137451, 2643, 2643), 'YSO': (3.496816396713257, 4.530778884887695, 2643, 2643), 'H2S': (3.145378589630127, 5.257945442199707, 2643, 2643)}
fittp.check [NGC 7129]: zero-extinction fraction (mean FRAC_CLAMPED) per class: {'STAR': 0.18275824189186096, 'AGB': 0.9114431738853455, 'PAHC': 0.36979278922080994, 'GAL': 0.8847209215164185, 'YSO': 0.7442883849143982, 'H2S': 0.8493838906288147}
fittp.check [NGC 7129]: two-band fraction 0.4991 beside P(YSO)>0.5 count 127 of 2643
fittp.check [NGC 7129]: literature-band sensitivity, nominal P(YSO)>0.5=127, rows (run, class, scaling, frac_map_changed, n_pyso_above_half): [('kappa_lo', 'YSO', 0.43651583790779114, 0.007188800722360611, 109), ('kappa_hi', 'YSO', 2.290867567062378, 0.00945894792675972, 151), ('eta_lo', 'H2S', 0.3548133969306946, 0.0, 127), ('eta_hi', 'H2S', 2.818382978439331, 0.0, 126), ('eps_ext_lo', 'H2S', 0.6000000238418579, 0.0, 127), ('eps_ext_hi', 'H2S', 1.399999976158142, 0.0, 127), ('f_dusty_lo', 'AGB', 0.52173912525177, 0.0, 127), ('f_dusty_hi', 'AGB', 1.47826087474823, 0.0, 127), ('yso_floor', 'YSO', 2.290867567062378, 0.005675368942320347, 144)]
fittp.check [NGC 7129]: total-count ratios per class {'STAR': 0.7544271146627318, 'AGB': 0.0003231767091370565, 'PAHC': 0.21931392818431947, 'GAL': 0.08868944678367298, 'YSO': 0.018377833642283733, 'H2S': 0.0001496290038754792}, total 1.081
fittp.check [NGC 7129]: cascade confusion by detected-band count (rows=labels ['DEEPLY_EMBEDDED', 'CLASS_I', 'CLASS_II', 'TRANSITION_DISK', 'SHOCK_BLOB', 'PAH_APERTURE', 'PAH_GALAXY', 'AGN', 'GENERIC_GALAXY', 'DISKLESS_STAR', 'UNCLASSIFIED'], cols=2..8) measured:
[[   0    1    1    0    0    1    0]
 [   0    0    0    2    3    2    1]
 [   0    0    4    2    9   12   18]
 [   0    0    0    0    2    0    1]
 [   0    0    0    0    0    0    0]
 [   0    0    0    0    0    0    0]
 [   0    0    0    0    0    1    1]
 [   0    0    3    7    0    0    0]
 [   0    0    0    0    0    0    0]
 [   0    0   33  256   39  192    8]
 [1319  165  239  210  102    9    0]]
imputed:
[[  0   0   0   0   0   0   0]
 [  6   0   1   3   2   2   1]
 [  5   3   5   4  14  14  18]
 [  0   0   6   9  11   8   1]
 [  3   3   1   0   0   0   0]
 [ 17   2   7   3   0   0   0]
 [307  12   7  23   5   1   1]
 [376  32   9  15   4   2   0]
 [  0   0   0   0   0   0   0]
 [605 114 244 420 119 190   8]
 [  0   0   0   0   0   0   0]]
fittp.check [NGC 7129]: cascade verdict vs MAP class (rows=labels, cols=('STAR', 'AGB', 'PAHC', 'GAL', 'YSO', 'H2S')):
[[   0    0    0    0    0    0]
 [   0    0    0    6    9    0]
 [   1    0    3   12   47    0]
 [   0    0   13    2   20    0]
 [   0    0    0    0    7    0]
 [   1    0    5    7   16    0]
 [   0    0  108  242    6    0]
 [   4    0   89  343    2    0]
 [   0    0    0    0    0    0]
 [1662    1    1   12   24    0]
 [   0    0    0    0    0    0]]
fittp.check [NGC 7129]: prior share vs posterior share per class (mean over pixels): {'STAR': (0.7246355194794504, 0.6555944681167603, 19, 32), 'AGB': (0.00031347419165908113, 0.00028455411666072905, 19, 32), 'PAHC': (0.20892344572042165, 0.07304616272449493, 19, 32), 'GAL': (0.37674304729443975, 0.13517026603221893, 32, 32), 'YSO': (0.06794060381798772, 0.13554874062538147, 32, 32), 'H2S': (0.0008295855231494897, 0.0003557776799425483, 32, 32)}
fittp.check: done in 3.0 s, peak 652 MB n_regions=1
capped: peak resident 629 MB, exit 0
