== sesnaimpute.bmstp.shapes NGC 7129 
bmstp.shapes.star_family [NGC 7129]: start
bmstp.shapes.star_family: 8/8 tiles, 2 s elapsed, ~0 s left, peak 187 MB
bmstp.shapes.star_family: done in 2.2 s, peak 189 MB -> /Users/jtaylor/Dropbox/Research/SESNA_Complete/bmstp/shape/star_shape_tile__NGC 7129.hdf5 n_tile=8 mass_outside_star_max=2.22e-16 mass_outside_agb_max=-9.492e-18 sum_check_max=0.0003472
bmstp.shapes.cloud [NGC 7129]: start
bmstp.shapes.cloud: 14/14 sightlines, 1 s elapsed, ~0 s left, peak 191 MB
bmstp.shapes.cloud: done in 1.2 s, peak 192 MB -> /Users/jtaylor/Dropbox/Research/SESNA_Complete/bmstp/shape/cloud_shape_sightline__NGC 7129.hdf5 n_sightline=14 mass_outside_yso_max=0.0001503 sum_check_max=0.000278 x_marginal_check_sightline=12 x_marginal_check_max_abs_diff=0.0006226
capped: peak resident 981 MB, exit 0
== sesnaimpute.bmstp.template_weights NGC 7129 
bmstp.template_weights.yso: start
template_weights.yso: factor=population max|colsum-1|=4.96e-14 floored_fraction=0.0000
template_weights.yso: sub-grid=C0 built_weight_share=0.0196 stage_fraction=0.0196 mass_quartiles(Msun)=0.100/0.100/0.261
template_weights.yso: sub-grid=CI built_weight_share=0.1061 stage_fraction=0.1061 mass_quartiles(Msun)=0.100/0.221/0.721
template_weights.yso: sub-grid=CII built_weight_share=0.3929 stage_fraction=0.3929 mass_quartiles(Msun)=0.100/0.174/0.850
template_weights.yso: sub-grid=CIII built_weight_share=0.3929 stage_fraction=0.3929 mass_quartiles(Msun)=0.100/0.287/1.345
template_weights.yso: sub-grid=TD built_weight_share=0.0884 stage_fraction=0.0884 mass_quartiles(Msun)=0.100/0.235/0.579
bmstp.template_weights.yso: done in 2.6 s, peak 932 MB -> /Users/jtaylor/Dropbox/Research/SESNA_Complete/bmstp/weights/yso_weights_survey.hdf5 n_model=200000 floored_fraction=0
bmstp.template_weights.galz: start
bmstp.template_weights.galz: 1/61 S nodes, 105 s elapsed, ~6273 s left, peak 2334 MB
bmstp.template_weights.galz: 61/61 S nodes, 105 s elapsed, ~0 s left, peak 2334 MB
template_weights.galz: origin=-2.5218 (bmstp/shape/gal_shape_survey.hdf5); max|colsum-1|=4.44e-16; floored_fraction=0.6894; varying cells=3-37; beyond-3-bandwidths fraction per node: 0.021,0.009,0.006,0.002,0.002,0.001,0.001,0.001,0.000,0.000,0.000,0.000,0.000,0.000,0.000,0.000,0.000,0.000,0.000,0.000,0.000,0.000,0.000,0.001,0.001,0.002,0.003,0.004,0.005,0.003,0.094,0.028,0.043,0.101,0.128,0.176,0.278,0.525,0.336,0.442,0.626,0.650,0.669,0.808,0.834,0.750,0.879,0.842,0.867,0.878,0.935,0.927,0.903,0.924,0.933,0.908,0.951,0.949,0.926,0.943,0.975
bmstp.template_weights.galz: done in 104.6 s, peak 2342 MB -> /Users/jtaylor/Dropbox/Research/SESNA_Complete/bmstp/weights/galz_weights_survey.hdf5 n_model=18685 n_node=61 beyond3_mean=0.3327 floored_fraction=0.6894
bmstp.template_weights.h2shock: start
bmstp.template_weights.h2shock: done in 0.1 s, peak 2345 MB -> /Users/jtaylor/Dropbox/Research/SESNA_Complete/bmstp/weights/h2shock_weights_survey.hdf5 n_model=11705
template_weights.h2shock: C_THETA_SOURCE=I_H2_1_0_S1, parameters.fits log10(I_H2_1_0_S1) range min=-12.0201 median=-4.8152 max=1.2085
bmstp.template_weights.sps [NGC 7129]: start
template_weights.sps [NGC 7129]: retained weighted count=106578.8413 histogram sum=106578.8413 max|colsum-1|=4.56e-13 floored_fraction type=0.4792 uncontaminated=0.0000; P(q) at axis ends=0.0000/0.0000 vs curve end bins=0.0000/0.0000
bmstp.template_weights.sps: done in 0.1 s, peak 2345 MB -> /Users/jtaylor/Dropbox/Research/SESNA_Complete/bmstp/weights/sps_weights_region__NGC 7129.hdf5 n_model=4066 n_star=101112 retained_weighted=1.066e+05
bmstp.template_weights.pahc [NGC 7129]: start
WARNING: VerifyWarning: It is strongly recommended that column names contain only upper and lower-case ASCII letters, digits, or underscores for maximum compatibility with other software (got '[Z/H]'). [astropy.io.fits.column]
template_weights.pahc [NGC 7129]: match n=median 0.0000 max 0.0000 (log10 T_EFF, LOGG); 11/4066 sps templates ever matched; max|colsum-1|=4.29e-13 floored_fraction type=0.0000 contrast=0.7000; contrast at axis ends=0.0000/0.0000 vs curve end bins=0.0000/0.0000
bmstp.template_weights.pahc: done in 0.2 s, peak 2345 MB -> /Users/jtaylor/Dropbox/Research/SESNA_Complete/bmstp/weights/pahc_weights_region__NGC 7129.hdf5 n_model=11616 n_matched_sps_used=11
bmstp.template_weights.agb [NGC 7129]: start
template_weights.agb [NGC 7129]: n_riebel_o=26210 n_riebel_c=7293 max|colsum-1|=6.11e-15 floored_fraction=0.1783
bmstp.template_weights.agb: done in 0.2 s, peak 2348 MB -> /Users/jtaylor/Dropbox/Research/SESNA_Complete/bmstp/weights/agb_weights_region__NGC 7129.hdf5 n_model=1980 floored_fraction=0.1783
capped: peak resident 2353 MB, exit 0
== sesnaimpute.bmstp.density NGC 7129 
bmstp.density [NGC 7129]: start
bmstp.density: 4/4 batches, 0 s elapsed, ~0 s left, peak 249 MB
bmstp.density NGC 7129: n=2643, occupied nside-512 pixels=19, report-only area~0.2492 deg^2 (occupied-pixel estimate, not the admitted grid -- section 8's level check is report-only)
bmstp.density NGC 7129: STAR mean=23501.2 deg^-2, total over area=5855.68
bmstp.density NGC 7129: AGB mean=3.42807 deg^-2, total over area=0.854156
bmstp.density NGC 7129: PAHC mean=23501.2 deg^-2, total over area=5855.68
bmstp.density NGC 7129: GAL mean=23313.6 deg^-2, total over area=5808.94
bmstp.density NGC 7129: YSO mean=450.401 deg^-2, total over area=112.224
bmstp.density NGC 7129: H2S mean=4.54792 deg^-2, total over area=1.13318
bmstp.density: done in 0.1 s, peak 250 MB -> /Users/jtaylor/Dropbox/Research/SESNA_Complete/bmstp/density/table_density_source__NGC 7129.hdf5 n=2643 tile_sightline_unresolved=0 yso_law_identity_err=0 six_class_total_over_n_catalogued=6.672
capped: peak resident 179 MB, exit 0
== sesnaimpute.bmstp.atlas NGC 7129 
bmstp.atlas [NGC 7129]: start
bmstp.atlas: 8/8 tiles, 2 s elapsed, ~0 s left, peak 266 MB
bmstp.atlas: 8/8 sightlines, 5 s elapsed, ~0 s left, peak 376 MB
bmstp.atlas: done in 4.6 s, peak 377 MB -> /Users/jtaylor/Dropbox/Research/SESNA_Complete/bmstp/atlas/prior_atlas_hpx512__NGC 7129.hdf5 n_pix=32 n_tile=8 n_sightline=8 area_deg2=0.4196 isochrone_top_msun=1.4 total_predicted_built=2858 total_observed=2643 ratio_star=0.7544 ratio_agb=0.0003232 ratio_pahc=0.2193 ratio_gal=0.08869 ratio_yso=0.01838 ratio_h2s=0.0001496 ratio_built=1.081 density_gal_deg2=2.331e+04 mc_error_max_where_frac_gt_0p1=0.005
capped: peak resident 1492 MB, exit 0
== sesnaimpute.fittp.cascade NGC 7129 
fittp.cascade [NGC 7129]: start
fittp.cascade: 1/1 batches, 0 s elapsed, ~0 s left, peak 109 MB
fittp.cascade: done in 0.0 s, peak 110 MB -> /Users/jtaylor/Dropbox/Research/SESNA_Complete/fittp/classification/cascade_classification_source__NGC 7129.hdf5 n=2643 n_classified=599 psi_column_err=5.96e-08 p_verdict_sum_err=5.96e-08 unclassified_rows_uniform=True
fittp.cascade NGC 7129: verdict counts by detected-band count (rows=verdict in LABELS order, cols=2..8):
[[   0    1    1    0    0    1    0]
 [   0    0    0    2    3    2    1]
 [   0    0    4    2    9   12   18]
 [   0    0    0    0    2    0    1]
 [   0    0    0    0    0    0    0]
 [   0    0    0    0    0    0    0]
 [   0    0    0    0    0    1    1]
 [   0    0    3    7    0    0    0]
 [   0    0    0    0    0    0    0]
 [   0    0   33  256   39  192    8]
 [1319  165  239  210  102    9    0]]
fittp.cascade.imputed [NGC 7129]: start
fittp.cascade.imputed: 1/1 batches (imputed), 0 s elapsed, ~0 s left, peak 110 MB
fittp.cascade.imputed: done in 0.0 s, peak 110 MB -> /Users/jtaylor/Dropbox/Research/SESNA_Complete/fittp/classification/cascade_classification_source__NGC 7129.hdf5 n=2643
fittp.cascade NGC 7129: imputed-vs-MAP confusion (rows=verdict, cols=MAP class ('STAR', 'AGB', 'PAHC', 'GAL', 'YSO', 'H2S')):
[[   0    0    0    0    0    0]
 [   0    0    0    4   10    0]
 [  11    0    3   12   46    0]
 [   0    0   13    3   19    0]
 [   1    0    0    0    1    0]
 [   1    0    6    8    8    0]
 [   0    0  108  250    5    1]
 [   7    0   89  333    2    0]
 [   0    0    0    0    0    0]
 [1665    1    1   13   20    2]
 [   0    0    0    0    0    0]]
fittp.cascade NGC 7129: cascade YSO set vs P(YSO)>0.5 [[not-not, not-yso],[cascade-not, cascade-yso]]:
[[2488   34]
 [  46   75]]
capped: peak resident 96 MB, exit 0
== sesnaimpute.fittp.sweep NGC 7129 --classes STAR
fittp.sweep.STAR [NGC 7129]: start
/Users/jtaylor/Dropbox/Software/JT_Py_Pkgs/sesnaimpute-u143/src/sesnaimpute/fittp/prior_reader.py:231: RuntimeWarning: invalid value encountered in cast
  j0 = np.clip(np.floor(pos).astype(np.int64), 0, b_centers.size - 2)
fittp.sweep.STAR: 1/1 batches, 37 s elapsed, ~0 s left, peak 2156 MB
fittp.sweep.STAR: done in 37.0 s, peak 2156 MB -> /Users/jtaylor/Dropbox/Research/SESNA_Complete/fittp/fit/STAR_fit_source__NGC 7129.hdf5 n=2643 n_model=4066 zero_ext_frac=0.1805 occam_gap_median=2.18
capped: peak resident 2155 MB, exit 0
== sesnaimpute.fittp.sweep NGC 7129 --classes AGB
fittp.sweep.AGB [NGC 7129]: start
/Users/jtaylor/Dropbox/Software/JT_Py_Pkgs/sesnaimpute-u143/src/sesnaimpute/fittp/prior_reader.py:231: RuntimeWarning: invalid value encountered in cast
  j0 = np.clip(np.floor(pos).astype(np.int64), 0, b_centers.size - 2)
fittp.sweep.AGB: 1/1 batches, 21 s elapsed, ~0 s left, peak 2599 MB
fittp.sweep.AGB: done in 20.9 s, peak 2599 MB -> /Users/jtaylor/Dropbox/Research/SESNA_Complete/fittp/fit/AGB_fit_source__NGC 7129.hdf5 n=2643 n_model=1980 zero_ext_frac=0.9113 occam_gap_median=2.579
capped: peak resident 2562 MB, exit 0
== sesnaimpute.fittp.sweep NGC 7129 --classes PAHC
fittp.sweep.PAHC [NGC 7129]: start
/Users/jtaylor/Dropbox/Software/JT_Py_Pkgs/sesnaimpute-u143/src/sesnaimpute/fittp/prior_reader.py:231: RuntimeWarning: invalid value encountered in cast
  j0 = np.clip(np.floor(pos).astype(np.int64), 0, b_centers.size - 2)
fittp.sweep.PAHC: 1/1 batches, 56 s elapsed, ~0 s left, peak 3366 MB
fittp.sweep.PAHC: done in 56.4 s, peak 3366 MB -> /Users/jtaylor/Dropbox/Research/SESNA_Complete/fittp/fit/PAHC_fit_source__NGC 7129.hdf5 n=2643 n_model=11616 zero_ext_frac=0.3697 occam_gap_median=5.457
capped: peak resident 3366 MB, exit 0
== sesnaimpute.fittp.sweep NGC 7129 --classes GAL
fittp.sweep.GAL [NGC 7129]: start
/Users/jtaylor/Dropbox/Software/JT_Py_Pkgs/sesnaimpute-u143/src/sesnaimpute/fittp/prior_reader.py:231: RuntimeWarning: invalid value encountered in cast
  j0 = np.clip(np.floor(pos).astype(np.int64), 0, b_centers.size - 2)
fittp.sweep.GAL: 1/1 batches, 73 s elapsed, ~0 s left, peak 3288 MB
fittp.sweep.GAL: done in 73.3 s, peak 3288 MB -> /Users/jtaylor/Dropbox/Research/SESNA_Complete/fittp/fit/GAL_fit_source__NGC 7129.hdf5 n=2643 n_model=18685 zero_ext_frac=0.8846 occam_gap_median=3.803
capped: peak resident 3287 MB, exit 0
== sesnaimpute.fittp.sweep NGC 7129 --classes YSO
fittp.sweep.YSO [NGC 7129]: start
/Users/jtaylor/Dropbox/Software/JT_Py_Pkgs/sesnaimpute-u143/src/sesnaimpute/fittp/prior_reader.py:231: RuntimeWarning: invalid value encountered in cast
  j0 = np.clip(np.floor(pos).astype(np.int64), 0, b_centers.size - 2)
fittp.sweep.YSO: 1/1 batches, 682 s elapsed, ~0 s left, peak 2236 MB
fittp.sweep.YSO: done in 681.6 s, peak 2236 MB -> /Users/jtaylor/Dropbox/Research/SESNA_Complete/fittp/fit/YSO_fit_source__NGC 7129.hdf5 n=2643 n_model=200000 zero_ext_frac=0.743 occam_gap_median=3.497
capped: peak resident 2236 MB, exit 0
== sesnaimpute.fittp.sweep NGC 7129 --classes H2S
fittp.sweep.H2S [NGC 7129]: start
/Users/jtaylor/Dropbox/Software/JT_Py_Pkgs/sesnaimpute-u143/src/sesnaimpute/fittp/prior_reader.py:231: RuntimeWarning: invalid value encountered in cast
  j0 = np.clip(np.floor(pos).astype(np.int64), 0, b_centers.size - 2)
fittp.sweep.H2S: 1/1 batches, 51 s elapsed, ~0 s left, peak 2776 MB
fittp.sweep.H2S: done in 50.6 s, peak 2776 MB -> /Users/jtaylor/Dropbox/Research/SESNA_Complete/fittp/fit/H2S_fit_source__NGC 7129.hdf5 n=2643 n_model=11705 zero_ext_frac=0.8452 occam_gap_median=3.145
capped: peak resident 2776 MB, exit 0
== sesnaimpute.fittp.classify NGC 7129 
fittp.classify [NGC 7129]: start
fittp.classify: 1/1 batches, 0 s elapsed, ~0 s left, peak 62 MB
fittp.classify: done in 0.1 s, peak 62 MB -> /Users/jtaylor/Dropbox/Research/SESNA_Complete/fittp/classification/posterior_classification_source__NGC 7129.hdf5 n=2643 beta=0 p_class_sum_err=1.192e-07 p_subclass_sum_err=1.192e-07 flux_imputed_identity_err=0 n_pyso_above_half=127 two_band_frac=0.4991
fittp.classify.sensitivity [NGC 7129]: start
fittp.classify.sensitivity: 1/1 batches, 0 s elapsed, ~0 s left, peak 68 MB
fittp.classify.sensitivity: done in 0.0 s, peak 68 MB -> /Users/jtaylor/Dropbox/Research/SESNA_Complete/fittp/classification/sensitivity_classification_region.hdf5 n=2643 frac_map_changed_range=0-0.009459 n_pyso_nominal=127
capped: peak resident 0 MB, exit 0
== sesnaimpute.fittp.cascade NGC 7129 
fittp.cascade [NGC 7129]: start
fittp.cascade: 1/1 batches, 0 s elapsed, ~0 s left, peak 105 MB
fittp.cascade: done in 0.0 s, peak 106 MB -> /Users/jtaylor/Dropbox/Research/SESNA_Complete/fittp/classification/cascade_classification_source__NGC 7129.hdf5 n=2643 n_classified=599 psi_column_err=5.96e-08 p_verdict_sum_err=5.96e-08 unclassified_rows_uniform=True
fittp.cascade NGC 7129: verdict counts by detected-band count (rows=verdict in LABELS order, cols=2..8):
[[   0    1    1    0    0    1    0]
 [   0    0    0    2    3    2    1]
 [   0    0    4    2    9   12   18]
 [   0    0    0    0    2    0    1]
 [   0    0    0    0    0    0    0]
 [   0    0    0    0    0    0    0]
 [   0    0    0    0    0    1    1]
 [   0    0    3    7    0    0    0]
 [   0    0    0    0    0    0    0]
 [   0    0   33  256   39  192    8]
 [1319  165  239  210  102    9    0]]
fittp.cascade.imputed [NGC 7129]: start
fittp.cascade.imputed: 1/1 batches (imputed), 0 s elapsed, ~0 s left, peak 112 MB
fittp.cascade.imputed: done in 0.0 s, peak 112 MB -> /Users/jtaylor/Dropbox/Research/SESNA_Complete/fittp/classification/cascade_classification_source__NGC 7129.hdf5 n=2643
fittp.cascade NGC 7129: imputed-vs-MAP confusion (rows=verdict, cols=MAP class ('STAR', 'AGB', 'PAHC', 'GAL', 'YSO', 'H2S')):
[[   0    0    0    0    0    0]
 [   0    0    0    6    9    0]
 [   1    0    3   12   47    0]
 [   0    0   13    2   20    0]
 [   0    0    0    0    7    0]
 [   1    0    5    7   16    0]
 [   0    0  108  242    6    0]
 [   4    0   89  343    2    0]
 [   0    0    0    0    0    0]
 [1662    1    1   12   24    0]
 [   0    0    0    0    0    0]]
fittp.cascade NGC 7129: cascade YSO set vs P(YSO)>0.5 [[not-not, not-yso],[cascade-not, cascade-yso]]:
[[2479   51]
 [  37   76]]
capped: peak resident 93 MB, exit 0
== sesnaimpute.fittp.atlas NGC 7129 
fittp.atlas [NGC 7129]: start
fittp.atlas: 1/1 pixels (grouped), 0 s elapsed, ~0 s left, peak 78 MB
fittp.atlas: done in 0.0 s, peak 78 MB -> /Users/jtaylor/Dropbox/Research/SESNA_Complete/fittp/atlas/posterior_atlas_hpx512__NGC 7129.hdf5 n_pix=32 n_sources_summed=2643 n_sources_region=2643 total_count_ratio=1
capped: peak resident 0 MB, exit 0
== sesnaimpute.fittp.check NGC 7129 
fittp.check: start
fittp.check [NGC 7129]: shape mass outside grid (bar < 0.1%): {'STAR': 2.220446049250313e-16, 'AGB': -9.492426924638027e-18, 'YSO': 0.00015027930203359574, 'GAL': 2.5706015382764846e-05}
fittp.check [NGC 7129]: blurred-shape normalisation, max|sum-1| (bar 1e-3): {'STAR': 4.562535238505916e-09, 'AGB': 4.8826747089947276e-09, 'PAHC': 4.562535238505916e-09, 'GAL': 6.880011227394789e-09, 'YSO': 5.506336719918181e-09, 'H2S': 1.3340653026716609e-08}
fittp.check [NGC 7129]: template-weight normalisation, max|colsum-1| (bar 1e-6): {'sps': 3.9659141748416005e-08, 'agb': 1.3192522629879022e-09, 'pahc': 1.4435499906539917e-08, 'galz': 2.1771668912151654e-09, 'yso': 1.3866419124042295e-10, 'h2shock': 1.6494595911353827e-08}
fittp.check [NGC 7129]: Occam gap (median, p90, n_finite/n) per class: {'STAR': (2.180140495300293, 2.7683642864227296, 2643, 2643), 'AGB': (2.579263210296631, 3.6673344135284425, 2643, 2643), 'PAHC': (5.457438945770264, 7.464208984375, 2643, 2643), 'GAL': (3.8026251792907715, 5.399672222137451, 2643, 2643), 'YSO': (3.496816396713257, 4.530778884887695, 2643, 2643), 'H2S': (3.145378589630127, 5.257945442199707, 2643, 2643)}
fittp.check [NGC 7129]: zero-extinction fraction (mean FRAC_CLAMPED) per class: {'STAR': 0.18275824189186096, 'AGB': 0.9114431738853455, 'PAHC': 0.36979278922080994, 'GAL': 0.8847209215164185, 'YSO': 0.7442883849143982, 'H2S': 0.8493838906288147}
fittp.check [NGC 7129]: two-band fraction 0.4991 beside P(YSO)>0.5 count 127 of 2643
fittp.check [NGC 7129]: literature-band sensitivity, nominal P(YSO)>0.5=127, rows (run, class, scaling, frac_map_changed, n_pyso_above_half): [('kappa_lo', 'YSO', 0.43651583790779114, 0.007188800722360611, 109), ('kappa_hi', 'YSO', 2.290867567062378, 0.00945894792675972, 151), ('eta_lo', 'H2S', 0.3548133969306946, 0.0, 127), ('eta_hi', 'H2S', 2.818382978439331, 0.0, 126), ('eps_ext_lo', 'H2S', 0.6000000238418579, 0.0, 127), ('eps_ext_hi', 'H2S', 1.399999976158142, 0.0, 127), ('f_dusty_lo', 'AGB', 0.52173912525177, 0.0, 127), ('f_dusty_hi', 'AGB', 1.47826087474823, 0.0, 127), ('yso_floor', 'YSO', 2.290867567062378, 0.005675368942320347, 144)]
fittp.check [NGC 7129]: total-count ratios per class {'STAR': 0.7544271146627318, 'AGB': 0.0003231767091370565, 'PAHC': 0.21931392818431947, 'GAL': 0.08868944678367298, 'YSO': 0.018377833642283733, 'H2S': 0.0001496290038754792}, total 1.081
fittp.check [NGC 7129]: cascade confusion by detected-band count (rows=labels ['DEEPLY_EMBEDDED', 'CLASS_I', 'CLASS_II', 'TRANSITION_DISK', 'SHOCK_BLOB', 'PAH_APERTURE', 'PAH_GALAXY', 'AGN', 'GENERIC_GALAXY', 'DISKLESS_STAR', 'UNCLASSIFIED'], cols=2..8) measured:
[[   0    1    1    0    0    1    0]
 [   0    0    0    2    3    2    1]
 [   0    0    4    2    9   12   18]
 [   0    0    0    0    2    0    1]
 [   0    0    0    0    0    0    0]
 [   0    0    0    0    0    0    0]
 [   0    0    0    0    0    1    1]
 [   0    0    3    7    0    0    0]
 [   0    0    0    0    0    0    0]
 [   0    0   33  256   39  192    8]
 [1319  165  239  210  102    9    0]]
imputed:
[[  0   0   0   0   0   0   0]
 [  6   0   1   3   2   2   1]
 [  5   3   5   4  14  14  18]
 [  0   0   6   9  11   8   1]
 [  3   3   1   0   0   0   0]
 [ 17   2   7   3   0   0   0]
 [307  12   7  23   5   1   1]
 [376  32   9  15   4   2   0]
 [  0   0   0   0   0   0   0]
 [605 114 244 420 119 190   8]
 [  0   0   0   0   0   0   0]]
fittp.check [NGC 7129]: cascade verdict vs MAP class (rows=labels, cols=('STAR', 'AGB', 'PAHC', 'GAL', 'YSO', 'H2S')):
[[   0    0    0    0    0    0]
 [   0    0    0    6    9    0]
 [   1    0    3   12   47    0]
 [   0    0   13    2   20    0]
 [   0    0    0    0    7    0]
 [   1    0    5    7   16    0]
 [   0    0  108  242    6    0]
 [   4    0   89  343    2    0]
 [   0    0    0    0    0    0]
 [1662    1    1   12   24    0]
 [   0    0    0    0    0    0]]
fittp.check [NGC 7129]: prior share vs posterior share per class (mean over pixels): {'STAR': (nan, nan), 'AGB': (nan, nan), 'PAHC': (nan, nan), 'GAL': (0.37674304729443975, nan), 'YSO': (0.06794060381798772, nan), 'H2S': (0.0008295855231494897, nan)}
fittp.check: done in 2.5 s, peak 641 MB n_regions=1
capped: peak resident 638 MB, exit 0
